[0m12:23:26.876188 [debug] [MainThread]: Sending event: {'category': 'dbt', 'action': 'invocation', 'label': 'start', 'context': [<snowplow_tracker.self_describing_json.SelfDescribingJson object at 0x721091548320>, <snowplow_tracker.self_describing_json.SelfDescribingJson object at 0x72108fe1a360>, <snowplow_tracker.self_describing_json.SelfDescribingJson object at 0x72108edf5c70>]}


============================== 12:23:26.913139 | be8f77ba-e250-4006-8a12-0aaaa0559236 ==============================
[0m12:23:26.913139 [info ] [MainThread]: Running with dbt=1.12.3
[0m12:23:26.913932 [debug] [MainThread]: running dbt with arguments {'log_path': 'logs', 'invocation_command': 'dbt init transform --skip-profile-setup', 'warn_error_options': 'WarnErrorOptionsV2(error=[], warn=[], silence=[])', 'quiet': 'False', 'use_experimental_parser': 'False', 'cache_selected_only': 'False', 'write_json': 'True', 'send_anonymous_usage_stats': 'True', 'introspect': 'True', 'debug': 'False', 'log_cache_events': 'False', 'indirect_selection': 'eager', 'log_format': 'default', 'use_colors': 'True', 'hints_enabled': 'True', 'maximum_seed_size_mib': '1', 'fail_fast': 'False', 'warn_error': 'None', 'no_print': 'None', 'version_check': 'True', 'partial_parse': 'True', 'static_parser': 'True', 'profiles_dir': '/home/kobby/.dbt', 'empty': 'None', 'target_path': 'None', 'printer_width': '80'}
[0m12:23:26.958650 [info ] [MainThread]: Creating dbt configuration folder at /home/kobby/.dbt
[0m12:23:26.961609 [debug] [MainThread]: Starter project path: /home/kobby/projects/weather-rides-pipeline/.venv/lib/python3.12/site-packages/dbt/include/starter_project
[0m12:23:26.964662 [info ] [MainThread]: Your new dbt project "transform" was created!
Initialized new project in /home/kobby/projects/weather-rides-pipeline/transform/transform

For more information on how to configure the profiles.yml file,
please consult the dbt documentation here:

  https://docs.getdbt.com/docs/configure-your-profile

One more thing:

Need help? Don't hesitate to reach out to us via GitHub issues or on Slack:

  https://community.getdbt.com/

Happy modeling!

[0m12:23:26.965416 [debug] [MainThread]: Resource report: {"command_name": "init", "command_success": true, "command_wall_clock_time": 0.21093602, "process_in_blocks": "12648", "process_kernel_time": 0.35125, "process_mem_max_rss": "138732", "process_out_blocks": "37392", "process_user_time": 2.630389}
[0m12:23:26.965884 [debug] [MainThread]: Command `dbt init` succeeded at 12:23:26.965799 after 0.21 seconds
[0m12:23:26.966185 [debug] [MainThread]: Sending event: {'category': 'dbt', 'action': 'invocation', 'label': 'end', 'context': [<snowplow_tracker.self_describing_json.SelfDescribingJson object at 0x72108ee68110>, <snowplow_tracker.self_describing_json.SelfDescribingJson object at 0x72108e588d10>, <snowplow_tracker.self_describing_json.SelfDescribingJson object at 0x72108e588140>]}
[0m12:23:26.966447 [debug] [MainThread]: Flushing usage events
[0m12:23:27.277942 [debug] [MainThread]: An error was encountered while trying to flush usage events
[0m13:22:43.326588 [debug] [MainThread]: Sending event: {'category': 'dbt', 'action': 'invocation', 'label': 'start', 'context': [<snowplow_tracker.self_describing_json.SelfDescribingJson object at 0x76fce9c3bfb0>, <snowplow_tracker.self_describing_json.SelfDescribingJson object at 0x76fce92a9460>, <snowplow_tracker.self_describing_json.SelfDescribingJson object at 0x76fce91ca150>]}


============================== 13:22:43.332628 | 2dcf1587-84cf-4155-bcc3-1947a4465032 ==============================
[0m13:22:43.332628 [info ] [MainThread]: Running with dbt=1.12.3
[0m13:22:43.333131 [debug] [MainThread]: running dbt with arguments {'warn_error_options': 'WarnErrorOptionsV2(error=[], warn=[], silence=[])', 'no_print': 'None', 'quiet': 'False', 'debug': 'False', 'use_colors': 'True', 'version_check': 'True', 'hints_enabled': 'True', 'maximum_seed_size_mib': '1', 'profiles_dir': '.', 'introspect': 'True', 'partial_parse': 'True', 'send_anonymous_usage_stats': 'True', 'printer_width': '80', 'log_path': 'logs', 'warn_error': 'None', 'write_json': 'True', 'cache_selected_only': 'False', 'invocation_command': 'dbt test', 'log_format': 'default', 'static_parser': 'True', 'use_experimental_parser': 'False', 'target_path': 'None', 'indirect_selection': 'eager', 'log_cache_events': 'False', 'fail_fast': 'False', 'empty': 'None'}
[0m13:22:43.333813 [error] [MainThread]: [[31mERROR[0m]: Encountered an error:
Runtime Error
  No dbt_project.yml found at expected path /home/kobby/projects/weather-rides-pipeline/dbt_project.yml
  Verify that each entry within packages.yml (and their transitive dependencies) contains a file named dbt_project.yml
  
[0m13:22:43.334734 [debug] [MainThread]: Resource report: {"command_name": "test", "command_success": false, "command_wall_clock_time": 0.08917315, "process_in_blocks": "154416", "process_kernel_time": 0.196706, "process_mem_max_rss": "110724", "process_out_blocks": "16", "process_user_time": 1.217123}
[0m13:22:43.335133 [debug] [MainThread]: Command `dbt test` failed at 13:22:43.335055 after 0.09 seconds
[0m13:22:43.335369 [debug] [MainThread]: Sending event: {'category': 'dbt', 'action': 'invocation', 'label': 'end', 'context': [<snowplow_tracker.self_describing_json.SelfDescribingJson object at 0x76fce9854aa0>, <snowplow_tracker.self_describing_json.SelfDescribingJson object at 0x76fce9c652e0>, <snowplow_tracker.self_describing_json.SelfDescribingJson object at 0x76fce9c3bfb0>]}
[0m13:22:43.335626 [debug] [MainThread]: Flushing usage events
[0m13:22:43.534870 [debug] [MainThread]: An error was encountered while trying to flush usage events
